10.8s 1 Vocabulary Size: 7460
32.8s 2 OneHotRNN Epoch [1/100], Avg Loss: 7.5823
50.9s 3 OneHotRNN Epoch [2/100], Avg Loss: 6.7212
68.5s 4 OneHotRNN Epoch [3/100], Avg Loss: 6.3883
86.7s 5 OneHotRNN Epoch [4/100], Avg Loss: 6.1985
104.4s 6 OneHotRNN Epoch [5/100], Avg Loss: 6.0171
122.3s 7 OneHotRNN Epoch [6/100], Avg Loss: 5.8980
140.3s 8 OneHotRNN Epoch [7/100], Avg Loss: 5.6842
158.1s 9 OneHotRNN Epoch [8/100], Avg Loss: 5.5124
176.1s 10 OneHotRNN Epoch [9/100], Avg Loss: 5.3678
193.7s 11 OneHotRNN Epoch [10/100], Avg Loss: 5.1708
211.8s 12 OneHotRNN Epoch [11/100], Avg Loss: 4.9943
229.4s 13 OneHotRNN Epoch [12/100], Avg Loss: 4.8559
247.3s 14 OneHotRNN Epoch [13/100], Avg Loss: 4.6169
265.2s 15 OneHotRNN Epoch [14/100], Avg Loss: 4.3611
282.9s 16 OneHotRNN Epoch [15/100], Avg Loss: 4.0649
300.8s 17 OneHotRNN Epoch [16/100], Avg Loss: 3.7777
318.5s 18 OneHotRNN Epoch [17/100], Avg Loss: 3.5162
336.3s 19 OneHotRNN Epoch [18/100], Avg Loss: 3.1837
354.1s 20 OneHotRNN Epoch [19/100], Avg Loss: 2.8542
372.2s 21 OneHotRNN Epoch [20/100], Avg Loss: 2.5851
389.7s 22 OneHotRNN Epoch [21/100], Avg Loss: 2.2955
407.6s 23 OneHotRNN Epoch [22/100], Avg Loss: 1.9659
425.4s 24 OneHotRNN Epoch [23/100], Avg Loss: 1.6583
443.0s 25 OneHotRNN Epoch [24/100], Avg Loss: 1.3978
460.9s 26 OneHotRNN Epoch [25/100], Avg Loss: 1.1935
478.5s 27 OneHotRNN Epoch [26/100], Avg Loss: 1.0387
496.4s 28 OneHotRNN Epoch [27/100], Avg Loss: 0.9003
513.8s 29 OneHotRNN Epoch [28/100], Avg Loss: 0.7494
531.9s 30 OneHotRNN Epoch [29/100], Avg Loss: 0.6157
549.4s 31 OneHotRNN Epoch [30/100], Avg Loss: 0.5020
567.4s 32 OneHotRNN Epoch [31/100], Avg Loss: 0.4053
585.3s 33 OneHotRNN Epoch [32/100], Avg Loss: 0.3323
603.0s 34 OneHotRNN Epoch [33/100], Avg Loss: 0.2724
620.9s 35 OneHotRNN Epoch [34/100], Avg Loss: 0.2268
638.3s 36 OneHotRNN Epoch [35/100], Avg Loss: 0.1909
656.4s 37 OneHotRNN Epoch [36/100], Avg Loss: 0.1628
674.0s 38 OneHotRNN Epoch [37/100], Avg Loss: 0.1321
692.3s 39 OneHotRNN Epoch [38/100], Avg Loss: 0.1075
709.8s 40 OneHotRNN Epoch [39/100], Avg Loss: 0.0895
728.0s 41 OneHotRNN Epoch [40/100], Avg Loss: 0.0809
746.2s 42 OneHotRNN Epoch [41/100], Avg Loss: 0.0669
764.3s 43 OneHotRNN Epoch [42/100], Avg Loss: 0.0577
782.6s 44 OneHotRNN Epoch [43/100], Avg Loss: 0.0522
799.7s 45 OneHotRNN Epoch [44/100], Avg Loss: 0.0504
817.4s 46 OneHotRNN Epoch [45/100], Avg Loss: 0.0433
834.8s 47 OneHotRNN Epoch [46/100], Avg Loss: 0.0383
852.6s 48 OneHotRNN Epoch [47/100], Avg Loss: 0.0387
869.7s 49 OneHotRNN Epoch [48/100], Avg Loss: 0.0328
887.6s 50 OneHotRNN Epoch [49/100], Avg Loss: 0.0334
904.9s 51 OneHotRNN Epoch [50/100], Avg Loss: 0.0300
922.7s 52 OneHotRNN Epoch [51/100], Avg Loss: 0.0247
940.6s 53 OneHotRNN Epoch [52/100], Avg Loss: 0.0229
958.1s 54 OneHotRNN Epoch [53/100], Avg Loss: 0.0163
976.1s 55 OneHotRNN Epoch [54/100], Avg Loss: 0.0358
993.4s 56 OneHotRNN Epoch [55/100], Avg Loss: 0.0243
1011.2s 57 OneHotRNN Epoch [56/100], Avg Loss: 0.0171
1028.5s 58 OneHotRNN Epoch [57/100], Avg Loss: 0.0150
1046.7s 59 OneHotRNN Epoch [58/100], Avg Loss: 0.0150
1064.2s 60 OneHotRNN Epoch [59/100], Avg Loss: 0.0286
1082.1s 61 OneHotRNN Epoch [60/100], Avg Loss: 0.0161
1100.0s 62 OneHotRNN Epoch [61/100], Avg Loss: 0.0132
1117.4s 63 OneHotRNN Epoch [62/100], Avg Loss: 0.0109
1135.4s 64 OneHotRNN Epoch [63/100], Avg Loss: 0.0213
1153.2s 65 OneHotRNN Epoch [64/100], Avg Loss: 0.0156
1171.1s 66 OneHotRNN Epoch [65/100], Avg Loss: 0.0123
1188.7s 67 OneHotRNN Epoch [66/100], Avg Loss: 0.0116
1206.9s 68 OneHotRNN Epoch [67/100], Avg Loss: 0.0214
1224.0s 69 OneHotRNN Epoch [68/100], Avg Loss: 0.0182
1241.5s 70 OneHotRNN Epoch [69/100], Avg Loss: 0.0162
1258.4s 71 OneHotRNN Epoch [70/100], Avg Loss: 0.0089
1275.7s 72 OneHotRNN Epoch [71/100], Avg Loss: 0.0050
1293.1s 73 OneHotRNN Epoch [72/100], Avg Loss: 0.0293
1310.5s 74 OneHotRNN Epoch [73/100], Avg Loss: 0.0246
1328.3s 75 OneHotRNN Epoch [74/100], Avg Loss: 0.0073
1346.1s 76 OneHotRNN Epoch [75/100], Avg Loss: 0.0041
1363.4s 77 OneHotRNN Epoch [76/100], Avg Loss: 0.0022
1380.6s 78 OneHotRNN Epoch [77/100], Avg Loss: 0.0014
1398.4s 79 OneHotRNN Epoch [78/100], Avg Loss: 0.0008
1415.9s 80 OneHotRNN Epoch [79/100], Avg Loss: 0.0005
1434.3s 81 OneHotRNN Epoch [80/100], Avg Loss: 0.0004
1452.9s 82 OneHotRNN Epoch [81/100], Avg Loss: 0.0003
1470.5s 83 OneHotRNN Epoch [82/100], Avg Loss: 0.0002
1489.2s 84 OneHotRNN Epoch [83/100], Avg Loss: 0.0001
1507.1s 85 OneHotRNN Epoch [84/100], Avg Loss: 0.0001
1525.5s 86 OneHotRNN Epoch [85/100], Avg Loss: 0.0001
1543.8s 87 OneHotRNN Epoch [86/100], Avg Loss: 0.0001
1562.1s 88 OneHotRNN Epoch [87/100], Avg Loss: 0.0000
1580.2s 89 OneHotRNN Epoch [88/100], Avg Loss: 0.0000
1597.8s 90 OneHotRNN Epoch [89/100], Avg Loss: 0.0000
1615.7s 91 OneHotRNN Epoch [90/100], Avg Loss: 0.0000
1633.4s 92 OneHotRNN Epoch [91/100], Avg Loss: 0.0000
1651.2s 93 OneHotRNN Epoch [92/100], Avg Loss: 0.0000
1668.6s 94 OneHotRNN Epoch [93/100], Avg Loss: 0.0000
1686.7s 95 OneHotRNN Epoch [94/100], Avg Loss: 0.0000
1704.6s 96 OneHotRNN Epoch [95/100], Avg Loss: 0.0000
1722.8s 97 OneHotRNN Epoch [96/100], Avg Loss: 0.0000
1741.0s 98 OneHotRNN Epoch [97/100], Avg Loss: 0.0000
1758.9s 99 OneHotRNN Epoch [98/100], Avg Loss: 0.0000
1777.0s 100 OneHotRNN Epoch [99/100], Avg Loss: 0.0000
1794.5s 101 OneHotRNN Epoch [100/100], Avg Loss: 0.0000
1794.5s 102 OneHotRNN Training Time: 1779.60s
1794.5s 103 
1803.2s 104 EmbeddingLSTM Epoch [1/100], Avg Loss: 7.5623
1811.8s 105 EmbeddingLSTM Epoch [2/100], Avg Loss: 6.5401
1820.4s 106 EmbeddingLSTM Epoch [3/100], Avg Loss: 6.0045
1828.9s 107 EmbeddingLSTM Epoch [4/100], Avg Loss: 5.5803
1837.8s 108 EmbeddingLSTM Epoch [5/100], Avg Loss: 5.1188
1846.3s 109 EmbeddingLSTM Epoch [6/100], Avg Loss: 4.6835
1854.7s 110 EmbeddingLSTM Epoch [7/100], Avg Loss: 4.2691
1863.3s 111 EmbeddingLSTM Epoch [8/100], Avg Loss: 3.9448
1872.1s 112 EmbeddingLSTM Epoch [9/100], Avg Loss: 3.5030
1880.5s 113 EmbeddingLSTM Epoch [10/100], Avg Loss: 3.0780
1889.2s 114 EmbeddingLSTM Epoch [11/100], Avg Loss: 2.6159
1897.7s 115 EmbeddingLSTM Epoch [12/100], Avg Loss: 2.2229
1907.0s 116 EmbeddingLSTM Epoch [13/100], Avg Loss: 1.8749
1915.9s 117 EmbeddingLSTM Epoch [14/100], Avg Loss: 1.5674
1924.6s 118 EmbeddingLSTM Epoch [15/100], Avg Loss: 1.3047
1933.8s 119 EmbeddingLSTM Epoch [16/100], Avg Loss: 1.0881
1942.8s 120 EmbeddingLSTM Epoch [17/100], Avg Loss: 0.9100
1951.6s 121 EmbeddingLSTM Epoch [18/100], Avg Loss: 0.7589
1960.5s 122 EmbeddingLSTM Epoch [19/100], Avg Loss: 0.6365
1969.8s 123 EmbeddingLSTM Epoch [20/100], Avg Loss: 0.5281
1978.5s 124 EmbeddingLSTM Epoch [21/100], Avg Loss: 0.4402
1987.1s 125 EmbeddingLSTM Epoch [22/100], Avg Loss: 0.3686
1996.5s 126 EmbeddingLSTM Epoch [23/100], Avg Loss: 0.3067
2005.5s 127 EmbeddingLSTM Epoch [24/100], Avg Loss: 0.2577
2014.4s 128 EmbeddingLSTM Epoch [25/100], Avg Loss: 0.2237
2023.2s 129 EmbeddingLSTM Epoch [26/100], Avg Loss: 0.1836
2032.5s 130 EmbeddingLSTM Epoch [27/100], Avg Loss: 0.1644
2041.5s 131 EmbeddingLSTM Epoch [28/100], Avg Loss: 0.1394
2050.4s 132 EmbeddingLSTM Epoch [29/100], Avg Loss: 0.1300
2059.6s 133 EmbeddingLSTM Epoch [30/100], Avg Loss: 0.1271
2068.8s 134 EmbeddingLSTM Epoch [31/100], Avg Loss: 0.1107
2077.8s 135 EmbeddingLSTM Epoch [32/100], Avg Loss: 0.0981
2086.6s 136 EmbeddingLSTM Epoch [33/100], Avg Loss: 0.1012
2095.8s 137 EmbeddingLSTM Epoch [34/100], Avg Loss: 0.1070
2104.3s 138 EmbeddingLSTM Epoch [35/100], Avg Loss: 0.0955
2113.0s 139 EmbeddingLSTM Epoch [36/100], Avg Loss: 0.0906
2121.6s 140 EmbeddingLSTM Epoch [37/100], Avg Loss: 0.0932
2130.7s 141 EmbeddingLSTM Epoch [38/100], Avg Loss: 0.0921
2139.4s 142 EmbeddingLSTM Epoch [39/100], Avg Loss: 0.0920
2147.9s 143 EmbeddingLSTM Epoch [40/100], Avg Loss: 0.0915
2156.8s 144 EmbeddingLSTM Epoch [41/100], Avg Loss: 0.0849
2165.5s 145 EmbeddingLSTM Epoch [42/100], Avg Loss: 0.0777
2174.1s 146 EmbeddingLSTM Epoch [43/100], Avg Loss: 0.0714
2182.7s 147 EmbeddingLSTM Epoch [44/100], Avg Loss: 0.0648
2191.7s 148 EmbeddingLSTM Epoch [45/100], Avg Loss: 0.0664
2200.2s 149 EmbeddingLSTM Epoch [46/100], Avg Loss: 0.0626
2208.8s 150 EmbeddingLSTM Epoch [47/100], Avg Loss: 0.0564
2217.4s 151 EmbeddingLSTM Epoch [48/100], Avg Loss: 0.0539
2226.3s 152 EmbeddingLSTM Epoch [49/100], Avg Loss: 0.0584
2234.9s 153 EmbeddingLSTM Epoch [50/100], Avg Loss: 0.0526
2243.5s 154 EmbeddingLSTM Epoch [51/100], Avg Loss: 0.0448
2252.6s 155 EmbeddingLSTM Epoch [52/100], Avg Loss: 0.0349
2261.3s 156 EmbeddingLSTM Epoch [53/100], Avg Loss: 0.0378
2270.1s 157 EmbeddingLSTM Epoch [54/100], Avg Loss: 0.0316
2278.8s 158 EmbeddingLSTM Epoch [55/100], Avg Loss: 0.0270
2287.9s 159 EmbeddingLSTM Epoch [56/100], Avg Loss: 0.0217
2296.6s 160 EmbeddingLSTM Epoch [57/100], Avg Loss: 0.0219
2305.3s 161 EmbeddingLSTM Epoch [58/100], Avg Loss: 0.0255
2314.0s 162 EmbeddingLSTM Epoch [59/100], Avg Loss: 0.0330
2322.8s 163 EmbeddingLSTM Epoch [60/100], Avg Loss: 0.0337
2331.5s 164 EmbeddingLSTM Epoch [61/100], Avg Loss: 0.0254
2340.0s 165 EmbeddingLSTM Epoch [62/100], Avg Loss: 0.0154
2349.0s 166 EmbeddingLSTM Epoch [63/100], Avg Loss: 0.0085
2357.8s 167 EmbeddingLSTM Epoch [64/100], Avg Loss: 0.0037
2366.5s 168 EmbeddingLSTM Epoch [65/100], Avg Loss: 0.0020
2375.3s 169 EmbeddingLSTM Epoch [66/100], Avg Loss: 0.0013
2384.5s 170 EmbeddingLSTM Epoch [67/100], Avg Loss: 0.0009
2393.5s 171 EmbeddingLSTM Epoch [68/100], Avg Loss: 0.0007
2402.5s 172 EmbeddingLSTM Epoch [69/100], Avg Loss: 0.0005
2411.8s 173 EmbeddingLSTM Epoch [70/100], Avg Loss: 0.0004
2420.9s 174 EmbeddingLSTM Epoch [71/100], Avg Loss: 0.0003
2430.0s 175 EmbeddingLSTM Epoch [72/100], Avg Loss: 0.0002
2439.0s 176 EmbeddingLSTM Epoch [73/100], Avg Loss: 0.0002
2448.3s 177 EmbeddingLSTM Epoch [74/100], Avg Loss: 0.0001
2457.4s 178 EmbeddingLSTM Epoch [75/100], Avg Loss: 0.0001
2466.4s 179 EmbeddingLSTM Epoch [76/100], Avg Loss: 0.0001
2475.8s 180 EmbeddingLSTM Epoch [77/100], Avg Loss: 0.1899
2484.3s 181 EmbeddingLSTM Epoch [78/100], Avg Loss: 0.1437
2492.8s 182 EmbeddingLSTM Epoch [79/100], Avg Loss: 0.0291
2501.4s 183 EmbeddingLSTM Epoch [80/100], Avg Loss: 0.0087
2510.4s 184 EmbeddingLSTM Epoch [81/100], Avg Loss: 0.0035
2519.0s 185 EmbeddingLSTM Epoch [82/100], Avg Loss: 0.0020
2528.0s 186 EmbeddingLSTM Epoch [83/100], Avg Loss: 0.0015
2536.8s 187 EmbeddingLSTM Epoch [84/100], Avg Loss: 0.0011
2546.0s 188 EmbeddingLSTM Epoch [85/100], Avg Loss: 0.0009
2554.9s 189 EmbeddingLSTM Epoch [86/100], Avg Loss: 0.0007
2563.9s 190 EmbeddingLSTM Epoch [87/100], Avg Loss: 0.0005
2573.2s 191 EmbeddingLSTM Epoch [88/100], Avg Loss: 0.0004
2582.2s 192 EmbeddingLSTM Epoch [89/100], Avg Loss: 0.0003
2591.3s 193 EmbeddingLSTM Epoch [90/100], Avg Loss: 0.0002
2600.4s 194 EmbeddingLSTM Epoch [91/100], Avg Loss: 0.0002
2609.9s 195 EmbeddingLSTM Epoch [92/100], Avg Loss: 0.0002
2618.9s 196 EmbeddingLSTM Epoch [93/100], Avg Loss: 0.1374
2627.7s 197 EmbeddingLSTM Epoch [94/100], Avg Loss: 0.1833
2636.4s 198 EmbeddingLSTM Epoch [95/100], Avg Loss: 0.0362
2645.0s 199 EmbeddingLSTM Epoch [96/100], Avg Loss: 0.0085
2653.7s 200 EmbeddingLSTM Epoch [97/100], Avg Loss: 0.0032
2662.7s 201 EmbeddingLSTM Epoch [98/100], Avg Loss: 0.0020
2671.8s 202 EmbeddingLSTM Epoch [99/100], Avg Loss: 0.0015
2680.5s 203 EmbeddingLSTM Epoch [100/100], Avg Loss: 0.0011
2680.5s 204 EmbeddingLSTM Training Time: 886.23s
2680.5s 205 
2680.7s 206 
2680.7s 207 Generated Poem (OneHotRNN): I wandered lonely as a good been shot away, a love vaults Were one such as moment bitter in a sigh to the least been ours; and this wild nook, My EMMA, I will dedicate to thee.' ----Soon did the spot become my other home, My dwelling, and my out-of-doors abode. And, of the Shepherds
2680.7s 208 
2680.7s 209 Generated Poem (EmbeddingLSTM): I wandered lonely as a man or woman, Let the same find or she like those, the The will not goodness old like goes high we slowly passing which of the Arkansas, Torches Under the low?’ beautiful a said for me, But It not any more than he. I guess it is from the full
2683.6s 210 /usr/local/lib/python3.10/dist-packages/traitlets/traitlets.py:2915: FutureWarning: --Exporter.preprocessors=["remove_papermill_header.RemovePapermillHeader"] for containers is deprecated in traitlets 5.0. You can pass `--Exporter.preprocessors item` ... multiple times to add items to a list.
2683.6s 211 warn(
2683.6s 212 [NbConvertApp] Converting notebook __notebook__.ipynb to notebook
2684.0s 213 [NbConvertApp] Writing 30540 bytes to __notebook__.ipynb
2685.2s 214 /usr/local/lib/python3.10/dist-packages/traitlets/traitlets.py:2915: FutureWarning: --Exporter.preprocessors=["nbconvert.preprocessors.ExtractOutputPreprocessor"] for containers is deprecated in traitlets 5.0. You can pass `--Exporter.preprocessors item` ... multiple times to add items to a list.
2685.2s 215 warn(
2685.2s 216 [NbConvertApp] Converting notebook __notebook__.ipynb to html
2686.0s 217 [NbConvertApp] Writing 313659 bytes to __results__.html