7.2s 1 0.00s - Debugger warning: It seems that frozen modules are being used, which may
7.2s 2 0.00s - make the debugger miss breakpoints. Please pass -Xfrozen_modules=off
7.2s 3 0.00s - to python to disable frozen modules.
7.2s 4 0.00s - Note: Debugging will proceed. Set PYDEVD_DISABLE_FILE_VALIDATION=1 to disable this validation.
8.1s 5 0.00s - Debugger warning: It seems that frozen modules are being used, which may
8.1s 6 0.00s - make the debugger miss breakpoints. Please pass -Xfrozen_modules=off
8.1s 7 0.00s - to python to disable frozen modules.
8.1s 8 0.00s - Note: Debugging will proceed. Set PYDEVD_DISABLE_FILE_VALIDATION=1 to disable this validation.
18.5s 9 
18.5s 10 Running Mode: WITHOUT_ATTENTION
33.9s 11 Epoch 1, Loss: 822.0088, Validation Loss: 6.2664
43.4s 12 Epoch 2, Loss: 737.2032, Validation Loss: 6.0946
53.0s 13 Epoch 3, Loss: 700.4765, Validation Loss: 5.9340
62.5s 14 Epoch 4, Loss: 665.4434, Validation Loss: 5.8983
72.0s 15 Epoch 5, Loss: 629.4555, Validation Loss: 5.6449
81.5s 16 Epoch 6, Loss: 589.4425, Validation Loss: 5.7440
91.1s 17 Epoch 7, Loss: 549.3737, Validation Loss: 5.7861
100.6s 18 Epoch 8, Loss: 514.6409, Validation Loss: 5.6716
110.1s 19 Epoch 9, Loss: 481.2706, Validation Loss: 5.6740
119.8s 20 Epoch 10, Loss: 449.2256, Validation Loss: 5.6506
129.2s 21 Epoch 11, Loss: 407.1328, Validation Loss: 5.6463
138.7s 22 Epoch 12, Loss: 379.3462, Validation Loss: 5.5176
148.3s 23 Epoch 13, Loss: 345.2131, Validation Loss: 5.6717
157.8s 24 Epoch 14, Loss: 313.9749, Validation Loss: 5.8027
167.2s 25 Epoch 15, Loss: 277.0792, Validation Loss: 5.6930
176.6s 26 Epoch 16, Loss: 246.8285, Validation Loss: 5.7639
186.3s 27 Epoch 17, Loss: 209.4667, Validation Loss: 5.8475
195.9s 28 Epoch 18, Loss: 186.8377, Validation Loss: 5.6954
205.4s 29 Epoch 19, Loss: 160.5592, Validation Loss: 5.9454
214.9s 30 Epoch 20, Loss: 139.1043, Validation Loss: 5.8595
224.4s 31 Epoch 21, Loss: 115.6166, Validation Loss: 5.8353
233.8s 32 Epoch 22, Loss: 98.3274, Validation Loss: 6.1958
243.5s 33 Epoch 23, Loss: 80.9145, Validation Loss: 6.2181
252.9s 34 Epoch 24, Loss: 66.3093, Validation Loss: 6.2226
262.2s 35 Epoch 25, Loss: 53.3232, Validation Loss: 6.2209
271.6s 36 Epoch 26, Loss: 41.8580, Validation Loss: 6.1827
281.2s 37 Epoch 27, Loss: 33.6506, Validation Loss: 6.7655
290.6s 38 Epoch 28, Loss: 25.8345, Validation Loss: 6.4883
300.0s 39 Epoch 29, Loss: 21.0272, Validation Loss: 6.0638
309.7s 40 Epoch 30, Loss: 16.8731, Validation Loss: 6.1222
319.3s 41 Epoch 31, Loss: 14.2049, Validation Loss: 6.3982
328.7s 42 Epoch 32, Loss: 11.7967, Validation Loss: 6.6189
338.4s 43 Epoch 33, Loss: 10.1097, Validation Loss: 6.2259
347.8s 44 Epoch 34, Loss: 9.1323, Validation Loss: 6.4674
357.2s 45 Epoch 35, Loss: 8.0405, Validation Loss: 6.4118
366.7s 46 Epoch 36, Loss: 7.2710, Validation Loss: 6.1921
376.3s 47 Epoch 37, Loss: 6.3472, Validation Loss: 6.2947
386.0s 48 Epoch 38, Loss: 6.0784, Validation Loss: 6.3571
395.6s 49 Epoch 39, Loss: 5.3212, Validation Loss: 6.4632
405.2s 50 Epoch 40, Loss: 4.7837, Validation Loss: 6.7442
414.7s 51 Epoch 41, Loss: 4.8352, Validation Loss: 6.8789
424.2s 52 Epoch 42, Loss: 4.5305, Validation Loss: 6.6620
433.8s 53 Epoch 43, Loss: 4.5522, Validation Loss: 7.4924
443.4s 54 Epoch 44, Loss: 4.4570, Validation Loss: 6.8628
452.8s 55 Epoch 45, Loss: 4.9404, Validation Loss: 7.9436
462.3s 56 Epoch 46, Loss: 4.6902, Validation Loss: 7.2621
472.0s 57 Epoch 47, Loss: 5.2364, Validation Loss: 7.2131
481.5s 58 Epoch 48, Loss: 5.7544, Validation Loss: 6.7288
490.9s 59 Epoch 49, Loss: 6.3720, Validation Loss: 7.0931
500.7s 60 Epoch 50, Loss: 6.9176, Validation Loss: 7.8167
510.2s 61 Epoch 51, Loss: 7.5438, Validation Loss: 7.2403
519.6s 62 Epoch 52, Loss: 7.7885, Validation Loss: 6.6457
529.2s 63 Epoch 53, Loss: 8.2305, Validation Loss: 6.9416
538.8s 64 Epoch 54, Loss: 7.1445, Validation Loss: 7.2299
548.3s 65 Epoch 55, Loss: 5.9744, Validation Loss: 7.1780
557.7s 66 Epoch 56, Loss: 5.4524, Validation Loss: 6.7871
567.3s 67 Epoch 57, Loss: 4.3505, Validation Loss: 7.3403
576.7s 68 Epoch 58, Loss: 4.1728, Validation Loss: 7.6880
586.1s 69 Epoch 59, Loss: 3.5906, Validation Loss: 7.2587
595.7s 70 Epoch 60, Loss: 3.3549, Validation Loss: 7.2652
605.2s 71 Epoch 61, Loss: 3.0592, Validation Loss: 7.0052
614.6s 72 Epoch 62, Loss: 2.6488, Validation Loss: 7.3670
624.1s 73 Epoch 63, Loss: 2.4057, Validation Loss: 7.4208
633.8s 74 Epoch 64, Loss: 2.5436, Validation Loss: 7.5720
643.2s 75 Epoch 65, Loss: 2.4216, Validation Loss: 7.1064
652.6s 76 Epoch 66, Loss: 2.2958, Validation Loss: 8.1384
662.2s 77 Epoch 67, Loss: 2.1826, Validation Loss: 7.2811
671.6s 78 Epoch 68, Loss: 2.0879, Validation Loss: 7.9608
681.0s 79 Epoch 69, Loss: 2.1554, Validation Loss: 7.2393
690.6s 80 Epoch 70, Loss: 1.9931, Validation Loss: 6.9043
700.0s 81 Epoch 71, Loss: 2.1498, Validation Loss: 7.0879
709.5s 82 Epoch 72, Loss: 2.3379, Validation Loss: 7.1380
718.9s 83 Epoch 73, Loss: 1.8970, Validation Loss: 7.3030
728.5s 84 Epoch 74, Loss: 1.8664, Validation Loss: 7.2668
737.9s 85 Epoch 75, Loss: 2.1077, Validation Loss: 7.9435
747.4s 86 Epoch 76, Loss: 1.9319, Validation Loss: 7.5177
757.0s 87 Epoch 77, Loss: 2.0236, Validation Loss: 6.8985
766.4s 88 Epoch 78, Loss: 2.0121, Validation Loss: 6.6319
775.8s 89 Epoch 79, Loss: 1.7294, Validation Loss: 7.2212
785.4s 90 Epoch 80, Loss: 2.3773, Validation Loss: 7.0810
794.9s 91 Epoch 81, Loss: 22.4615, Validation Loss: 6.9017
804.3s 92 Epoch 82, Loss: 54.1147, Validation Loss: 7.5077
813.8s 93 Epoch 83, Loss: 20.4132, Validation Loss: 7.7067
823.4s 94 Epoch 84, Loss: 6.0895, Validation Loss: 7.0529
832.9s 95 Epoch 85, Loss: 2.6898, Validation Loss: 7.9517
842.4s 96 Epoch 86, Loss: 1.9185, Validation Loss: 7.1699
852.2s 97 Epoch 87, Loss: 1.9802, Validation Loss: 7.5037
861.6s 98 Epoch 88, Loss: 1.6617, Validation Loss: 7.4388
871.1s 99 Epoch 89, Loss: 1.6514, Validation Loss: 7.3302
880.8s 100 Epoch 90, Loss: 1.5233, Validation Loss: 8.4457
890.3s 101 Epoch 91, Loss: 1.5736, Validation Loss: 6.9061
899.7s 102 Epoch 92, Loss: 1.5455, Validation Loss: 7.3547
909.1s 103 Epoch 93, Loss: 1.5097, Validation Loss: 7.8771
918.7s 104 Epoch 94, Loss: 1.4344, Validation Loss: 8.3096
928.2s 105 Epoch 95, Loss: 1.4494, Validation Loss: 7.2908
937.6s 106 Epoch 96, Loss: 1.3667, Validation Loss: 7.2252
947.2s 107 Epoch 97, Loss: 1.3613, Validation Loss: 7.1779
956.6s 108 Epoch 98, Loss: 1.1873, Validation Loss: 7.5233
966.1s 109 Epoch 99, Loss: 1.2285, Validation Loss: 7.1530
975.6s 110 Epoch 100, Loss: 1.4284, Validation Loss: 7.9371
985.1s 111 Epoch 101, Loss: 1.5435, Validation Loss: 7.6196
994.6s 112 Epoch 102, Loss: 1.3871, Validation Loss: 8.4958
1004.2s 113 Epoch 103, Loss: 1.4617, Validation Loss: 7.4436
1013.8s 114 Epoch 104, Loss: 1.4899, Validation Loss: 7.4940
1023.2s 115 Epoch 105, Loss: 1.3574, Validation Loss: 8.0188
1032.7s 116 Epoch 106, Loss: 1.4153, Validation Loss: 7.6057
1042.3s 117 Epoch 107, Loss: 1.3132, Validation Loss: 8.1841
1051.7s 118 Epoch 108, Loss: 1.3488, Validation Loss: 7.5943
1061.2s 119 Epoch 109, Loss: 1.4239, Validation Loss: 7.3250
1070.7s 120 Epoch 110, Loss: 1.5492, Validation Loss: 7.3846
1080.2s 121 Epoch 111, Loss: 1.4532, Validation Loss: 7.3607
1089.6s 122 Epoch 112, Loss: 1.4340, Validation Loss: 6.9515
1099.0s 123 Epoch 113, Loss: 1.3240, Validation Loss: 7.2746
1108.6s 124 Epoch 114, Loss: 1.5274, Validation Loss: 8.0625
1118.0s 125 Epoch 115, Loss: 1.6254, Validation Loss: 7.2858
1127.3s 126 Epoch 116, Loss: 2.1314, Validation Loss: 7.2514
1136.9s 127 Epoch 117, Loss: 10.2948, Validation Loss: 7.5462
1146.3s 128 Epoch 118, Loss: 26.1320, Validation Loss: 7.1015
1156.4s 129 Epoch 119, Loss: 19.0502, Validation Loss: 8.0576
1165.9s 130 Epoch 120, Loss: 5.8777, Validation Loss: 6.7988
1175.5s 131 Epoch 121, Loss: 2.2226, Validation Loss: 7.0361
1185.0s 132 Epoch 122, Loss: 1.4909, Validation Loss: 8.3182
1194.6s 133 Epoch 123, Loss: 1.1608, Validation Loss: 7.8068
1204.4s 134 Epoch 124, Loss: 1.0663, Validation Loss: 7.6095
1214.0s 135 Epoch 125, Loss: 0.9851, Validation Loss: 7.0451
1223.5s 136 Epoch 126, Loss: 0.9937, Validation Loss: 7.4210
1233.3s 137 Epoch 127, Loss: 1.0645, Validation Loss: 8.0258
1242.9s 138 Epoch 128, Loss: 1.0108, Validation Loss: 8.9242
1252.5s 139 Epoch 129, Loss: 1.1303, Validation Loss: 8.1386
1262.1s 140 Epoch 130, Loss: 1.0960, Validation Loss: 8.1059
1271.9s 141 Epoch 131, Loss: 1.0284, Validation Loss: 8.7761
1281.6s 142 Epoch 132, Loss: 0.9855, Validation Loss: 7.8092
1291.2s 143 Epoch 133, Loss: 1.0466, Validation Loss: 7.4477
1300.9s 144 Epoch 134, Loss: 1.0276, Validation Loss: 7.5130
1310.5s 145 Epoch 135, Loss: 1.1831, Validation Loss: 8.7915
1320.0s 146 Epoch 136, Loss: 1.0794, Validation Loss: 7.6315
1329.7s 147 Epoch 137, Loss: 0.9530, Validation Loss: 8.2381
1339.2s 148 Epoch 138, Loss: 0.9139, Validation Loss: 7.6269
1348.8s 149 Epoch 139, Loss: 0.9943, Validation Loss: 7.5362
1358.3s 150 Epoch 140, Loss: 1.4186, Validation Loss: 8.2515
1368.0s 151 Epoch 141, Loss: 1.4558, Validation Loss: 7.3896
1377.4s 152 Epoch 142, Loss: 1.2281, Validation Loss: 8.4266
1386.9s 153 Epoch 143, Loss: 1.1419, Validation Loss: 7.6594
1396.5s 154 Epoch 144, Loss: 1.2285, Validation Loss: 7.0675
1406.0s 155 Epoch 145, Loss: 1.1202, Validation Loss: 7.7549
1415.5s 156 Epoch 146, Loss: 1.0281, Validation Loss: 8.9740
1425.1s 157 Epoch 147, Loss: 0.9637, Validation Loss: 8.1367
1434.5s 158 Epoch 148, Loss: 0.9635, Validation Loss: 7.7590
1443.9s 159 Epoch 149, Loss: 0.9050, Validation Loss: 8.5110
1453.3s 160 Epoch 150, Loss: 1.0162, Validation Loss: 7.6131
1462.9s 161 Epoch 151, Loss: 0.8796, Validation Loss: 8.6695
1472.3s 162 Epoch 152, Loss: 1.1995, Validation Loss: 8.0980
1481.7s 163 Epoch 153, Loss: 3.0322, Validation Loss: 7.5328
1491.4s 164 Epoch 154, Loss: 11.8365, Validation Loss: 7.5989
1500.9s 165 Epoch 155, Loss: 19.6417, Validation Loss: 8.1332
1510.4s 166 Epoch 156, Loss: 10.5407, Validation Loss: 7.4768
1520.2s 167 Epoch 157, Loss: 3.8718, Validation Loss: 8.0347
1529.7s 168 Epoch 158, Loss: 1.6538, Validation Loss: 7.6147
1539.3s 169 Epoch 159, Loss: 1.1368, Validation Loss: 7.2202
1548.7s 170 Epoch 160, Loss: 0.7721, Validation Loss: 8.0011
1558.4s 171 Epoch 161, Loss: 0.8610, Validation Loss: 7.6576
1567.9s 172 Epoch 162, Loss: 0.8249, Validation Loss: 7.7825
1577.4s 173 Epoch 163, Loss: 0.7995, Validation Loss: 7.9075
1587.0s 174 Epoch 164, Loss: 0.7665, Validation Loss: 7.7319
1596.5s 175 Epoch 165, Loss: 0.6511, Validation Loss: 8.1653
1605.9s 176 Epoch 166, Loss: 0.7832, Validation Loss: 8.4584
1615.7s 177 Epoch 167, Loss: 0.7996, Validation Loss: 7.7332
1625.2s 178 Epoch 168, Loss: 0.8040, Validation Loss: 7.5402
1634.7s 179 Epoch 169, Loss: 0.9516, Validation Loss: 8.5513
1644.1s 180 Epoch 170, Loss: 0.8233, Validation Loss: 7.6016
1653.8s 181 Epoch 171, Loss: 0.9011, Validation Loss: 8.4941
1663.3s 182 Epoch 172, Loss: 1.0002, Validation Loss: 7.4456
1672.9s 183 Epoch 173, Loss: 0.8292, Validation Loss: 8.4104
1682.6s 184 Epoch 174, Loss: 0.7785, Validation Loss: 7.8902
1692.2s 185 Epoch 175, Loss: 0.7821, Validation Loss: 7.9892
1701.7s 186 Epoch 176, Loss: 0.8350, Validation Loss: 8.2626
1711.4s 187 Epoch 177, Loss: 0.8321, Validation Loss: 8.0368
1721.0s 188 Epoch 178, Loss: 0.9080, Validation Loss: 7.8872
1730.4s 189 Epoch 179, Loss: 0.7210, Validation Loss: 7.6868
1739.9s 190 Epoch 180, Loss: 0.9394, Validation Loss: 7.8565
1749.7s 191 Epoch 181, Loss: 0.8106, Validation Loss: 8.1366
1759.1s 192 Epoch 182, Loss: 1.0797, Validation Loss: 7.8598
1768.6s 193 Epoch 183, Loss: 1.2360, Validation Loss: 7.9095
1778.2s 194 Epoch 184, Loss: 1.3794, Validation Loss: 8.5194
1787.7s 195 Epoch 185, Loss: 1.4243, Validation Loss: 8.0291
1797.2s 196 Epoch 186, Loss: 1.8932, Validation Loss: 8.0463
1806.8s 197 Epoch 187, Loss: 2.1622, Validation Loss: 7.2666
1816.4s 198 Epoch 188, Loss: 4.5146, Validation Loss: 8.2771
1825.9s 199 Epoch 189, Loss: 10.3943, Validation Loss: 7.7527
1835.3s 200 Epoch 190, Loss: 8.4239, Validation Loss: 8.0619
1845.0s 201 Epoch 191, Loss: 3.9197, Validation Loss: 7.7695
1854.4s 202 Epoch 192, Loss: 1.3474, Validation Loss: 8.4336
1864.0s 203 Epoch 193, Loss: 0.9974, Validation Loss: 8.2906
1873.6s 204 Epoch 194, Loss: 0.6899, Validation Loss: 8.2956
1883.1s 205 Epoch 195, Loss: 0.6469, Validation Loss: 7.4798
1892.7s 206 Epoch 196, Loss: 0.7173, Validation Loss: 8.0416
1902.2s 207 Epoch 197, Loss: 0.6924, Validation Loss: 7.8458
1911.8s 208 Epoch 198, Loss: 0.6112, Validation Loss: 8.0717
1921.3s 209 Epoch 199, Loss: 0.6198, Validation Loss: 8.8024
1930.8s 210 Epoch 200, Loss: 0.6291, Validation Loss: 8.8049
1930.8s 211 Translate: soy feliz.
1931.2s 212 BLEU Score: 0.03599138319065075
1931.2s 213 No Attention Visualization (without_attention Mode).
1931.2s 214 
1931.2s 215 Running Mode: BAHDANAU
1943.9s 216 Epoch 1, Loss: 807.4460, Validation Loss: 5.9605
1956.4s 217 Epoch 2, Loss: 661.3316, Validation Loss: 5.4596
1968.8s 218 Epoch 3, Loss: 541.3926, Validation Loss: 5.2608
1981.2s 219 Epoch 4, Loss: 417.8272, Validation Loss: 5.2889
1993.5s 220 Epoch 5, Loss: 308.5626, Validation Loss: 5.0966
2006.0s 221 Epoch 6, Loss: 230.3925, Validation Loss: 4.9382
2018.3s 222 Epoch 7, Loss: 180.3964, Validation Loss: 4.9365
2030.9s 223 Epoch 8, Loss: 148.1230, Validation Loss: 5.2200
2043.2s 224 Epoch 9, Loss: 120.4113, Validation Loss: 5.1672
2055.6s 225 Epoch 10, Loss: 93.0846, Validation Loss: 5.1051
2068.1s 226 Epoch 11, Loss: 71.8089, Validation Loss: 5.0694
2080.4s 227 Epoch 12, Loss: 54.4140, Validation Loss: 5.3354
2092.9s 228 Epoch 13, Loss: 42.1059, Validation Loss: 4.8875
2105.5s 229 Epoch 14, Loss: 32.7613, Validation Loss: 5.0974
2117.7s 230 Epoch 15, Loss: 25.7147, Validation Loss: 5.2603
2130.1s 231 Epoch 16, Loss: 21.2699, Validation Loss: 5.1891
2142.4s 232 Epoch 17, Loss: 17.6434, Validation Loss: 5.9393
2154.5s 233 Epoch 18, Loss: 15.0607, Validation Loss: 5.2274
2166.9s 234 Epoch 19, Loss: 12.6908, Validation Loss: 5.1307
2179.1s 235 Epoch 20, Loss: 10.9805, Validation Loss: 5.9302
2191.5s 236 Epoch 21, Loss: 9.5089, Validation Loss: 5.1364
2203.8s 237 Epoch 22, Loss: 7.7396, Validation Loss: 5.5747
2216.1s 238 Epoch 23, Loss: 6.9719, Validation Loss: 5.6225
2228.5s 239 Epoch 24, Loss: 6.9362, Validation Loss: 5.8384
2240.8s 240 Epoch 25, Loss: 6.3123, Validation Loss: 5.5373
2253.1s 241 Epoch 26, Loss: 6.1483, Validation Loss: 5.6113
2265.3s 242 Epoch 27, Loss: 5.8700, Validation Loss: 5.4938
2277.5s 243 Epoch 28, Loss: 5.5084, Validation Loss: 5.5156
2290.0s 244 Epoch 29, Loss: 5.3624, Validation Loss: 5.6113
2302.3s 245 Epoch 30, Loss: 5.3812, Validation Loss: 5.6305
2314.6s 246 Epoch 31, Loss: 5.3185, Validation Loss: 5.6879
2326.9s 247 Epoch 32, Loss: 6.1533, Validation Loss: 5.2397
2339.2s 248 Epoch 33, Loss: 8.6607, Validation Loss: 5.3481
2351.7s 249 Epoch 34, Loss: 18.0311, Validation Loss: 5.2810
2364.0s 250 Epoch 35, Loss: 33.8653, Validation Loss: 5.7436
2376.2s 251 Epoch 36, Loss: 32.9647, Validation Loss: 6.2545
2388.5s 252 Epoch 37, Loss: 21.6024, Validation Loss: 5.2899
2400.7s 253 Epoch 38, Loss: 12.4745, Validation Loss: 6.3334
2413.0s 254 Epoch 39, Loss: 7.9212, Validation Loss: 5.9971
2425.2s 255 Epoch 40, Loss: 5.3793, Validation Loss: 5.3858
2437.4s 256 Epoch 41, Loss: 4.2607, Validation Loss: 5.6645
2449.8s 257 Epoch 42, Loss: 3.8166, Validation Loss: 5.6022
2462.0s 258 Epoch 43, Loss: 3.5817, Validation Loss: 5.8622
2474.3s 259 Epoch 44, Loss: 3.4614, Validation Loss: 6.6285
2486.7s 260 Epoch 45, Loss: 3.4519, Validation Loss: 6.3605
2498.9s 261 Epoch 46, Loss: 3.3608, Validation Loss: 5.5849
2511.2s 262 Epoch 47, Loss: 3.5220, Validation Loss: 5.4638
2523.4s 263 Epoch 48, Loss: 3.2229, Validation Loss: 6.1540
2535.5s 264 Epoch 49, Loss: 3.0514, Validation Loss: 6.0546
2548.1s 265 Epoch 50, Loss: 2.9985, Validation Loss: 5.7380
2560.3s 266 Epoch 51, Loss: 3.3226, Validation Loss: 6.1695
2572.7s 267 Epoch 52, Loss: 3.3407, Validation Loss: 6.3421
2584.9s 268 Epoch 53, Loss: 3.1043, Validation Loss: 6.0384
2597.2s 269 Epoch 54, Loss: 3.1980, Validation Loss: 5.6771
2609.6s 270 Epoch 55, Loss: 3.2424, Validation Loss: 5.3257
2622.0s 271 Epoch 56, Loss: 3.5407, Validation Loss: 6.4825
2634.3s 272 Epoch 57, Loss: 3.9633, Validation Loss: 5.8290
2646.8s 273 Epoch 58, Loss: 3.6776, Validation Loss: 6.3895
2659.3s 274 Epoch 59, Loss: 5.5845, Validation Loss: 5.6607
2671.8s 275 Epoch 60, Loss: 17.7950, Validation Loss: 5.6319
2684.2s 276 Epoch 61, Loss: 31.3463, Validation Loss: 6.0017
2696.5s 277 Epoch 62, Loss: 31.0568, Validation Loss: 6.5569
2708.9s 278 Epoch 63, Loss: 19.3177, Validation Loss: 5.7313
2721.1s 279 Epoch 64, Loss: 9.9742, Validation Loss: 5.7888
2733.6s 280 Epoch 65, Loss: 5.4034, Validation Loss: 5.9074
2745.9s 281 Epoch 66, Loss: 3.7081, Validation Loss: 5.9328
2758.2s 282 Epoch 67, Loss: 2.7763, Validation Loss: 6.1725
2770.7s 283 Epoch 68, Loss: 2.6813, Validation Loss: 6.6103
2782.9s 284 Epoch 69, Loss: 2.4713, Validation Loss: 6.1256
2795.5s 285 Epoch 70, Loss: 2.3044, Validation Loss: 6.2850
2807.7s 286 Epoch 71, Loss: 2.4371, Validation Loss: 6.6723
2819.9s 287 Epoch 72, Loss: 2.3858, Validation Loss: 5.7770
2832.4s 288 Epoch 73, Loss: 2.3479, Validation Loss: 6.8092
2844.8s 289 Epoch 74, Loss: 2.3598, Validation Loss: 5.4988
2857.0s 290 Epoch 75, Loss: 2.1964, Validation Loss: 5.9464
2869.5s 291 Epoch 76, Loss: 2.3416, Validation Loss: 6.5272
2881.9s 292 Epoch 77, Loss: 2.2032, Validation Loss: 6.1347
2894.3s 293 Epoch 78, Loss: 2.4609, Validation Loss: 6.6750
2906.6s 294 Epoch 79, Loss: 2.5522, Validation Loss: 6.4843
2918.8s 295 Epoch 80, Loss: 2.2837, Validation Loss: 5.7559
2931.3s 296 Epoch 81, Loss: 2.3756, Validation Loss: 5.9383
2943.6s 297 Epoch 82, Loss: 2.4686, Validation Loss: 5.8513
2955.9s 298 Epoch 83, Loss: 2.5301, Validation Loss: 6.0082
2968.1s 299 Epoch 84, Loss: 2.5486, Validation Loss: 6.1593
2980.4s 300 Epoch 85, Loss: 2.5604, Validation Loss: 6.4511
2992.9s 301 Epoch 86, Loss: 2.8782, Validation Loss: 6.3373
3005.2s 302 Epoch 87, Loss: 3.3637, Validation Loss: 6.3864
3017.8s 303 Epoch 88, Loss: 3.8200, Validation Loss: 6.5143
3030.1s 304 Epoch 89, Loss: 8.5760, Validation Loss: 5.7738
3042.4s 305 Epoch 90, Loss: 20.1746, Validation Loss: 5.7710
3054.7s 306 Epoch 91, Loss: 25.2740, Validation Loss: 5.9371
3067.0s 307 Epoch 92, Loss: 16.8480, Validation Loss: 6.5030
3079.4s 308 Epoch 93, Loss: 8.2957, Validation Loss: 5.7524
3091.8s 309 Epoch 94, Loss: 4.3777, Validation Loss: 6.0242
3104.1s 310 Epoch 95, Loss: 3.0299, Validation Loss: 6.1251
3116.6s 311 Epoch 96, Loss: 2.4223, Validation Loss: 6.2375
3128.9s 312 Epoch 97, Loss: 2.0212, Validation Loss: 6.9341
3141.3s 313 Epoch 98, Loss: 2.0064, Validation Loss: 6.5178
3153.8s 314 Epoch 99, Loss: 1.9203, Validation Loss: 6.0942
3166.1s 315 Epoch 100, Loss: 1.8995, Validation Loss: 6.0824
3178.6s 316 Epoch 101, Loss: 1.9287, Validation Loss: 6.9598
3190.8s 317 Epoch 102, Loss: 1.7729, Validation Loss: 6.2855
3203.1s 318 Epoch 103, Loss: 1.7869, Validation Loss: 6.6429
3215.5s 319 Epoch 104, Loss: 1.7946, Validation Loss: 6.0923
3227.7s 320 Epoch 105, Loss: 1.9912, Validation Loss: 6.0766
3240.2s 321 Epoch 106, Loss: 1.7917, Validation Loss: 6.8810
3252.4s 322 Epoch 107, Loss: 1.8367, Validation Loss: 6.8635
3264.6s 323 Epoch 108, Loss: 1.8816, Validation Loss: 6.0467
3277.0s 324 Epoch 109, Loss: 1.8224, Validation Loss: 6.6332
3289.2s 325 Epoch 110, Loss: 1.7064, Validation Loss: 5.7750
3301.4s 326 Epoch 111, Loss: 1.9518, Validation Loss: 6.2659
3313.8s 327 Epoch 112, Loss: 2.0317, Validation Loss: 6.9853
3326.1s 328 Epoch 113, Loss: 1.9625, Validation Loss: 6.5467
3338.6s 329 Epoch 114, Loss: 1.9176, Validation Loss: 6.0970
3350.9s 330 Epoch 115, Loss: 1.7773, Validation Loss: 5.9634
3363.1s 331 Epoch 116, Loss: 1.5405, Validation Loss: 6.7577
3375.5s 332 Epoch 117, Loss: 1.6646, Validation Loss: 6.8831
3387.7s 333 Epoch 118, Loss: 1.6558, Validation Loss: 7.0336
3400.1s 334 Epoch 119, Loss: 2.0321, Validation Loss: 6.3146
3412.4s 335 Epoch 120, Loss: 5.7685, Validation Loss: 6.6257
3424.7s 336 Epoch 121, Loss: 16.1035, Validation Loss: 6.9584
3437.1s 337 Epoch 122, Loss: 20.9634, Validation Loss: 5.6896
3449.4s 338 Epoch 123, Loss: 13.1757, Validation Loss: 6.0217
3461.6s 339 Epoch 124, Loss: 6.9690, Validation Loss: 6.5969
3473.9s 340 Epoch 125, Loss: 3.3021, Validation Loss: 6.4681
3486.1s 341 Epoch 126, Loss: 2.0873, Validation Loss: 6.3661
3498.4s 342 Epoch 127, Loss: 1.7190, Validation Loss: 6.5771
3510.6s 343 Epoch 128, Loss: 1.6965, Validation Loss: 6.3624
3522.8s 344 Epoch 129, Loss: 1.4745, Validation Loss: 6.3297
3535.1s 345 Epoch 130, Loss: 1.4947, Validation Loss: 6.1809
3547.5s 346 Epoch 131, Loss: 1.4104, Validation Loss: 7.3859
3559.8s 347 Epoch 132, Loss: 1.5229, Validation Loss: 7.1897
3572.2s 348 Epoch 133, Loss: 1.3348, Validation Loss: 6.7333
3584.6s 349 Epoch 134, Loss: 1.4544, Validation Loss: 6.2606
3597.1s 350 Epoch 135, Loss: 1.5008, Validation Loss: 6.1272
3609.3s 351 Epoch 136, Loss: 1.2338, Validation Loss: 6.3652
3621.6s 352 Epoch 137, Loss: 1.3263, Validation Loss: 6.4681
3633.8s 353 Epoch 138, Loss: 1.5106, Validation Loss: 6.5995
3646.0s 354 Epoch 139, Loss: 1.4000, Validation Loss: 6.4272
3658.4s 355 Epoch 140, Loss: 1.2749, Validation Loss: 6.3678
3670.6s 356 Epoch 141, Loss: 1.3271, Validation Loss: 7.1341
3682.8s 357 Epoch 142, Loss: 1.3145, Validation Loss: 6.7937
3695.0s 358 Epoch 143, Loss: 1.4496, Validation Loss: 6.3823
3707.1s 359 Epoch 144, Loss: 1.3408, Validation Loss: 6.2904
3719.4s 360 Epoch 145, Loss: 1.2500, Validation Loss: 5.9292
3731.7s 361 Epoch 146, Loss: 1.3559, Validation Loss: 6.5841
3743.9s 362 Epoch 147, Loss: 1.6961, Validation Loss: 5.8543
3756.2s 363 Epoch 148, Loss: 1.9407, Validation Loss: 6.2665
3768.5s 364 Epoch 149, Loss: 1.7316, Validation Loss: 6.4216
3780.7s 365 Epoch 150, Loss: 1.9352, Validation Loss: 6.9322
3793.0s 366 Epoch 151, Loss: 2.3199, Validation Loss: 7.0102
3805.2s 367 Epoch 152, Loss: 5.2027, Validation Loss: 6.6169
3817.5s 368 Epoch 153, Loss: 9.7604, Validation Loss: 6.6419
3829.8s 369 Epoch 154, Loss: 14.0238, Validation Loss: 6.1552
3842.2s 370 Epoch 155, Loss: 10.3630, Validation Loss: 6.0317
3854.4s 371 Epoch 156, Loss: 5.7990, Validation Loss: 6.8958
3866.7s 372 Epoch 157, Loss: 3.1876, Validation Loss: 7.7986
3878.9s 373 Epoch 158, Loss: 2.2684, Validation Loss: 6.4136
3891.1s 374 Epoch 159, Loss: 1.3569, Validation Loss: 6.4076
3903.4s 375 Epoch 160, Loss: 1.2203, Validation Loss: 7.0352
3915.7s 376 Epoch 161, Loss: 1.3122, Validation Loss: 6.5750
3927.9s 377 Epoch 162, Loss: 1.1576, Validation Loss: 6.4929
3940.4s 378 Epoch 163, Loss: 1.0922, Validation Loss: 5.9872
3952.7s 379 Epoch 164, Loss: 1.2276, Validation Loss: 6.7119
3965.1s 380 Epoch 165, Loss: 1.0310, Validation Loss: 6.3166
3977.5s 381 Epoch 166, Loss: 1.1675, Validation Loss: 6.5461
3989.9s 382 Epoch 167, Loss: 1.0441, Validation Loss: 6.4936
4002.4s 383 Epoch 168, Loss: 1.0249, Validation Loss: 7.3872
4014.7s 384 Epoch 169, Loss: 1.1556, Validation Loss: 6.5168
4027.1s 385 Epoch 170, Loss: 0.9505, Validation Loss: 6.7685
4039.5s 386 Epoch 171, Loss: 1.1663, Validation Loss: 7.1742
4051.8s 387 Epoch 172, Loss: 1.0940, Validation Loss: 6.2706
4064.2s 388 Epoch 173, Loss: 1.3052, Validation Loss: 6.7675
4076.5s 389 Epoch 174, Loss: 1.2643, Validation Loss: 6.7344
4088.8s 390 Epoch 175, Loss: 1.1101, Validation Loss: 6.4278
4101.2s 391 Epoch 176, Loss: 0.8405, Validation Loss: 6.7813
4113.5s 392 Epoch 177, Loss: 0.9155, Validation Loss: 6.9726
4125.9s 393 Epoch 178, Loss: 0.8653, Validation Loss: 6.6274
4138.1s 394 Epoch 179, Loss: 0.9384, Validation Loss: 6.4736
4150.4s 395 Epoch 180, Loss: 1.0070, Validation Loss: 7.0520
4162.7s 396 Epoch 181, Loss: 0.9576, Validation Loss: 6.7795
4175.0s 397 Epoch 182, Loss: 0.9394, Validation Loss: 6.6338
4187.2s 398 Epoch 183, Loss: 0.9793, Validation Loss: 6.7122
4199.6s 399 Epoch 184, Loss: 1.1931, Validation Loss: 6.6669
4211.9s 400 Epoch 185, Loss: 1.5441, Validation Loss: 6.1541
4224.2s 401 Epoch 186, Loss: 2.3715, Validation Loss: 7.0386
4236.5s 402 Epoch 187, Loss: 6.8261, Validation Loss: 6.6702
4248.8s 403 Epoch 188, Loss: 16.2759, Validation Loss: 6.4849
4261.2s 404 Epoch 189, Loss: 15.1070, Validation Loss: 6.3499
4273.6s 405 Epoch 190, Loss: 6.0330, Validation Loss: 6.9644
4286.0s 406 Epoch 191, Loss: 2.4474, Validation Loss: 6.6138
4298.3s 407 Epoch 192, Loss: 1.1701, Validation Loss: 6.7440
4310.5s 408 Epoch 193, Loss: 0.8205, Validation Loss: 6.5779
4322.9s 409 Epoch 194, Loss: 0.9431, Validation Loss: 6.5421
4335.2s 410 Epoch 195, Loss: 0.7056, Validation Loss: 6.1642
4347.6s 411 Epoch 196, Loss: 0.7697, Validation Loss: 6.5606
4360.1s 412 Epoch 197, Loss: 0.7620, Validation Loss: 6.9769
4372.3s 413 Epoch 198, Loss: 0.6838, Validation Loss: 6.4269
4384.7s 414 Epoch 199, Loss: 0.7440, Validation Loss: 6.9788
4397.1s 415 Epoch 200, Loss: 0.7289, Validation Loss: 7.2562
4397.1s 416 Translate: estoy muy feliz.
4397.7s 417 BLEU Score: 0.08764207655046972
4398.0s 418 
4398.0s 419 Running Mode: LUONG
4410.1s 420 Epoch 1, Loss: 807.6910, Validation Loss: 6.0300
4422.1s 421 Epoch 2, Loss: 674.6738, Validation Loss: 5.6387
4434.0s 422 Epoch 3, Loss: 577.2257, Validation Loss: 5.3136
4446.1s 423 Epoch 4, Loss: 476.1478, Validation Loss: 5.3329
4457.9s 424 Epoch 5, Loss: 380.2462, Validation Loss: 5.1174
4469.8s 425 Epoch 6, Loss: 299.4847, Validation Loss: 5.0281
4481.8s 426 Epoch 7, Loss: 236.6240, Validation Loss: 4.9791
4493.7s 427 Epoch 8, Loss: 193.4356, Validation Loss: 5.1955
4505.6s 428 Epoch 9, Loss: 164.6717, Validation Loss: 4.9175
4517.7s 429 Epoch 10, Loss: 140.0545, Validation Loss: 5.4984
4529.5s 430 Epoch 11, Loss: 115.8094, Validation Loss: 5.0376
4541.4s 431 Epoch 12, Loss: 96.2475, Validation Loss: 5.1924
4553.2s 432 Epoch 13, Loss: 82.6440, Validation Loss: 5.4678
4565.1s 433 Epoch 14, Loss: 67.0019, Validation Loss: 5.5495
4577.1s 434 Epoch 15, Loss: 56.6698, Validation Loss: 5.1866
4588.9s 435 Epoch 16, Loss: 49.7406, Validation Loss: 5.0171
4600.8s 436 Epoch 17, Loss: 40.5259, Validation Loss: 5.8253
4612.9s 437 Epoch 18, Loss: 32.3857, Validation Loss: 5.6937
4624.8s 438 Epoch 19, Loss: 27.1843, Validation Loss: 5.6493
4636.7s 439 Epoch 20, Loss: 22.1880, Validation Loss: 5.5913
4648.8s 440 Epoch 21, Loss: 16.9007, Validation Loss: 5.4273
4660.7s 441 Epoch 22, Loss: 14.4939, Validation Loss: 5.8461
4672.8s 442 Epoch 23, Loss: 16.2532, Validation Loss: 5.7076
4684.8s 443 Epoch 24, Loss: 14.9700, Validation Loss: 5.5297
4696.6s 444 Epoch 25, Loss: 13.0449, Validation Loss: 5.6260
4708.6s 445 Epoch 26, Loss: 11.9091, Validation Loss: 6.5390
4720.5s 446 Epoch 27, Loss: 12.3165, Validation Loss: 6.1072
4732.3s 447 Epoch 28, Loss: 11.5519, Validation Loss: 6.2020
4744.3s 448 Epoch 29, Loss: 11.2460, Validation Loss: 5.3480
4756.4s 449 Epoch 30, Loss: 11.1276, Validation Loss: 5.4344
4768.4s 450 Epoch 31, Loss: 9.8515, Validation Loss: 6.0016
4780.3s 451 Epoch 32, Loss: 8.6784, Validation Loss: 6.1098
4792.3s 452 Epoch 33, Loss: 7.6536, Validation Loss: 5.8382
4804.3s 453 Epoch 34, Loss: 7.2389, Validation Loss: 6.5421
4816.1s 454 Epoch 35, Loss: 8.0708, Validation Loss: 6.0743
4828.1s 455 Epoch 36, Loss: 7.7047, Validation Loss: 5.9339
4840.1s 456 Epoch 37, Loss: 15.1249, Validation Loss: 5.9930
4852.0s 457 Epoch 38, Loss: 13.6139, Validation Loss: 5.9158
4864.2s 458 Epoch 39, Loss: 13.4287, Validation Loss: 6.0656
4876.1s 459 Epoch 40, Loss: 14.4372, Validation Loss: 6.0572
4888.0s 460 Epoch 41, Loss: 16.1319, Validation Loss: 5.9891
4900.0s 461 Epoch 42, Loss: 13.4806, Validation Loss: 5.7541
4911.9s 462 Epoch 43, Loss: 11.2336, Validation Loss: 6.1558
4923.7s 463 Epoch 44, Loss: 8.6918, Validation Loss: 6.1934
4935.6s 464 Epoch 45, Loss: 7.4220, Validation Loss: 6.1649
4947.3s 465 Epoch 46, Loss: 7.7203, Validation Loss: 5.5696
4959.1s 466 Epoch 47, Loss: 7.6460, Validation Loss: 5.8976
4970.9s 467 Epoch 48, Loss: 7.1171, Validation Loss: 6.4622
4982.6s 468 Epoch 49, Loss: 6.0214, Validation Loss: 6.1609
4994.5s 469 Epoch 50, Loss: 5.9590, Validation Loss: 6.3201
5006.3s 470 Epoch 51, Loss: 5.9146, Validation Loss: 6.0742
5018.0s 471 Epoch 52, Loss: 6.1746, Validation Loss: 5.8298
5029.9s 472 Epoch 53, Loss: 5.5069, Validation Loss: 6.1263
5041.7s 473 Epoch 54, Loss: 5.4572, Validation Loss: 5.8767
5053.6s 474 Epoch 55, Loss: 4.6504, Validation Loss: 6.6477
5065.3s 475 Epoch 56, Loss: 4.3677, Validation Loss: 5.8661
5077.1s 476 Epoch 57, Loss: 3.9701, Validation Loss: 6.0319
5089.1s 477 Epoch 58, Loss: 3.9778, Validation Loss: 6.1482
5100.9s 478 Epoch 59, Loss: 3.6269, Validation Loss: 6.8776
5112.7s 479 Epoch 60, Loss: 3.4434, Validation Loss: 6.3384
5124.6s 480 Epoch 61, Loss: 3.3459, Validation Loss: 6.0332
5136.4s 481 Epoch 62, Loss: 3.4378, Validation Loss: 5.7244
5148.4s 482 Epoch 63, Loss: 3.3709, Validation Loss: 7.2033
5160.3s 483 Epoch 64, Loss: 4.7596, Validation Loss: 6.3951
5172.2s 484 Epoch 65, Loss: 14.4089, Validation Loss: 6.5303
5184.2s 485 Epoch 66, Loss: 29.6724, Validation Loss: 6.1210
5196.0s 486 Epoch 67, Loss: 35.6792, Validation Loss: 6.6204
5207.9s 487 Epoch 68, Loss: 26.5093, Validation Loss: 6.6339
5219.9s 488 Epoch 69, Loss: 21.1067, Validation Loss: 6.1053
5231.8s 489 Epoch 70, Loss: 13.4074, Validation Loss: 6.0808
5243.6s 490 Epoch 71, Loss: 7.6753, Validation Loss: 6.9025
5255.4s 491 Epoch 72, Loss: 4.9595, Validation Loss: 5.9211
5267.1s 492 Epoch 73, Loss: 4.0732, Validation Loss: 6.1156
5279.1s 493 Epoch 74, Loss: 4.4041, Validation Loss: 6.9690
5290.9s 494 Epoch 75, Loss: 3.6034, Validation Loss: 7.2858
5302.6s 495 Epoch 76, Loss: 3.4842, Validation Loss: 6.3140
5314.6s 496 Epoch 77, Loss: 4.9779, Validation Loss: 6.4397
5326.5s 497 Epoch 78, Loss: 4.7739, Validation Loss: 6.0240
5338.4s 498 Epoch 79, Loss: 4.6145, Validation Loss: 6.2653
5350.4s 499 Epoch 80, Loss: 5.6008, Validation Loss: 6.1692
5362.3s 500 Epoch 81, Loss: 5.2552, Validation Loss: 6.4383
5374.2s 501 Epoch 82, Loss: 4.1300, Validation Loss: 6.2038
5386.0s 502 Epoch 83, Loss: 3.7095, Validation Loss: 6.1199
5397.9s 503 Epoch 84, Loss: 4.0382, Validation Loss: 6.7630
5409.7s 504 Epoch 85, Loss: 4.0700, Validation Loss: 6.2302
5421.6s 505 Epoch 86, Loss: 5.0671, Validation Loss: 6.6082
5433.5s 506 Epoch 87, Loss: 5.7764, Validation Loss: 6.3318
5445.5s 507 Epoch 88, Loss: 5.2442, Validation Loss: 6.1242
5457.3s 508 Epoch 89, Loss: 5.1279, Validation Loss: 6.5293
5469.3s 509 Epoch 90, Loss: 6.0250, Validation Loss: 6.3417
5481.2s 510 Epoch 91, Loss: 7.1971, Validation Loss: 6.9006
5493.0s 511 Epoch 92, Loss: 10.0166, Validation Loss: 6.4644
5505.1s 512 Epoch 93, Loss: 10.3828, Validation Loss: 6.4673
5516.9s 513 Epoch 94, Loss: 10.6460, Validation Loss: 6.8865
5528.6s 514 Epoch 95, Loss: 7.8929, Validation Loss: 7.2280
5540.6s 515 Epoch 96, Loss: 6.7004, Validation Loss: 6.8381
5552.4s 516 Epoch 97, Loss: 5.3684, Validation Loss: 6.7003
5564.3s 517 Epoch 98, Loss: 4.1714, Validation Loss: 6.3577
5576.2s 518 Epoch 99, Loss: 3.0324, Validation Loss: 7.0614
5588.1s 519 Epoch 100, Loss: 3.0159, Validation Loss: 6.5033
5600.2s 520 Epoch 101, Loss: 2.3652, Validation Loss: 6.3927
5612.1s 521 Epoch 102, Loss: 2.4204, Validation Loss: 6.9456
5623.9s 522 Epoch 103, Loss: 2.3551, Validation Loss: 6.6976
5635.8s 523 Epoch 104, Loss: 2.2461, Validation Loss: 6.9897
5647.6s 524 Epoch 105, Loss: 2.3356, Validation Loss: 6.6202
5659.3s 525 Epoch 106, Loss: 2.3655, Validation Loss: 6.4163
5671.2s 526 Epoch 107, Loss: 2.3547, Validation Loss: 6.8059
5683.1s 527 Epoch 108, Loss: 2.0825, Validation Loss: 6.8271
5695.1s 528 Epoch 109, Loss: 2.4413, Validation Loss: 7.1277
5706.9s 529 Epoch 110, Loss: 2.5337, Validation Loss: 6.7024
5718.9s 530 Epoch 111, Loss: 2.6100, Validation Loss: 6.4260
5730.8s 531 Epoch 112, Loss: 2.5313, Validation Loss: 6.8794
5742.6s 532 Epoch 113, Loss: 2.1807, Validation Loss: 7.2012
5754.6s 533 Epoch 114, Loss: 2.9160, Validation Loss: 6.4408
5766.6s 534 Epoch 115, Loss: 3.6615, Validation Loss: 6.4260
5778.4s 535 Epoch 116, Loss: 13.0119, Validation Loss: 6.8882
5790.5s 536 Epoch 117, Loss: 32.1224, Validation Loss: 6.7174
5802.3s 537 Epoch 118, Loss: 24.0734, Validation Loss: 6.7359
5814.2s 538 Epoch 119, Loss: 13.3542, Validation Loss: 6.3279
5826.2s 539 Epoch 120, Loss: 6.5176, Validation Loss: 6.6038
5838.0s 540 Epoch 121, Loss: 3.8371, Validation Loss: 7.1072
5849.8s 541 Epoch 122, Loss: 3.2459, Validation Loss: 6.6253
5861.7s 542 Epoch 123, Loss: 2.8160, Validation Loss: 6.9363
5873.5s 543 Epoch 124, Loss: 2.8642, Validation Loss: 6.2676
5885.5s 544 Epoch 125, Loss: 3.1914, Validation Loss: 7.3470
5897.3s 545 Epoch 126, Loss: 3.1940, Validation Loss: 6.8601
5909.1s 546 Epoch 127, Loss: 2.5022, Validation Loss: 7.1228
5920.9s 547 Epoch 128, Loss: 2.1922, Validation Loss: 6.8817
5932.7s 548 Epoch 129, Loss: 2.0503, Validation Loss: 6.7330
5944.6s 549 Epoch 130, Loss: 1.7735, Validation Loss: 6.5201
5956.5s 550 Epoch 131, Loss: 1.9529, Validation Loss: 7.6837
5968.2s 551 Epoch 132, Loss: 1.7134, Validation Loss: 7.4048
5980.3s 552 Epoch 133, Loss: 2.1340, Validation Loss: 6.6528
5992.1s 553 Epoch 134, Loss: 2.2306, Validation Loss: 7.1461
6004.0s 554 Epoch 135, Loss: 2.1671, Validation Loss: 6.4383
6015.9s 555 Epoch 136, Loss: 2.0746, Validation Loss: 7.2747
6027.6s 556 Epoch 137, Loss: 2.2586, Validation Loss: 6.3541
6039.5s 557 Epoch 138, Loss: 2.1917, Validation Loss: 6.8982
6051.5s 558 Epoch 139, Loss: 2.2937, Validation Loss: 7.2974
6063.3s 559 Epoch 140, Loss: 2.1248, Validation Loss: 7.3031
6075.2s 560 Epoch 141, Loss: 2.2521, Validation Loss: 6.4457
6086.9s 561 Epoch 142, Loss: 2.1611, Validation Loss: 6.5281
6098.6s 562 Epoch 143, Loss: 2.1958, Validation Loss: 6.7301
6110.7s 563 Epoch 144, Loss: 2.2242, Validation Loss: 7.6680
6122.4s 564 Epoch 145, Loss: 2.9907, Validation Loss: 6.6461
6134.3s 565 Epoch 146, Loss: 3.5875, Validation Loss: 6.7259
6146.3s 566 Epoch 147, Loss: 5.8173, Validation Loss: 7.2574
6158.0s 567 Epoch 148, Loss: 11.6765, Validation Loss: 6.8790
6169.9s 568 Epoch 149, Loss: 17.3115, Validation Loss: 7.1447
6181.9s 569 Epoch 150, Loss: 13.7330, Validation Loss: 6.6203
6193.7s 570 Epoch 151, Loss: 10.1185, Validation Loss: 6.3445
6205.8s 571 Epoch 152, Loss: 5.7166, Validation Loss: 6.4015
6217.7s 572 Epoch 153, Loss: 3.8046, Validation Loss: 7.0913
6229.5s 573 Epoch 154, Loss: 2.6602, Validation Loss: 7.1177
6241.6s 574 Epoch 155, Loss: 2.0716, Validation Loss: 7.0982
6253.4s 575 Epoch 156, Loss: 1.8263, Validation Loss: 6.9343
6265.1s 576 Epoch 157, Loss: 2.7019, Validation Loss: 6.8763
6277.1s 577 Epoch 158, Loss: 3.3839, Validation Loss: 6.8673
6289.0s 578 Epoch 159, Loss: 3.5453, Validation Loss: 6.7535
6300.9s 579 Epoch 160, Loss: 5.1648, Validation Loss: 6.7572
6312.6s 580 Epoch 161, Loss: 3.9642, Validation Loss: 6.2165
6324.4s 581 Epoch 162, Loss: 3.2428, Validation Loss: 7.4387
6336.4s 582 Epoch 163, Loss: 2.6119, Validation Loss: 7.2090
6348.2s 583 Epoch 164, Loss: 2.1773, Validation Loss: 7.5604
6360.1s 584 Epoch 165, Loss: 2.2505, Validation Loss: 7.3532
6372.0s 585 Epoch 166, Loss: 2.0113, Validation Loss: 7.1924
6383.8s 586 Epoch 167, Loss: 2.2625, Validation Loss: 7.1739
6395.9s 587 Epoch 168, Loss: 2.6256, Validation Loss: 7.0100
6407.6s 588 Epoch 169, Loss: 2.5786, Validation Loss: 7.3078
6419.5s 589 Epoch 170, Loss: 2.5260, Validation Loss: 6.4990
6431.5s 590 Epoch 171, Loss: 2.1640, Validation Loss: 7.2084
6443.3s 591 Epoch 172, Loss: 1.8845, Validation Loss: 7.6102
6455.0s 592 Epoch 173, Loss: 2.6427, Validation Loss: 7.0610
6466.8s 593 Epoch 174, Loss: 2.8612, Validation Loss: 7.0885
6478.5s 594 Epoch 175, Loss: 3.0002, Validation Loss: 6.6570
6490.4s 595 Epoch 176, Loss: 2.9132, Validation Loss: 7.0059
6502.3s 596 Epoch 177, Loss: 2.4613, Validation Loss: 7.4525
6514.0s 597 Epoch 178, Loss: 2.8091, Validation Loss: 7.2553
6526.0s 598 Epoch 179, Loss: 2.4643, Validation Loss: 7.1751
6537.9s 599 Epoch 180, Loss: 2.4265, Validation Loss: 6.8149
6549.7s 600 Epoch 181, Loss: 2.0182, Validation Loss: 7.5222
6561.7s 601 Epoch 182, Loss: 2.3570, Validation Loss: 6.7257
6573.7s 602 Epoch 183, Loss: 5.0206, Validation Loss: 7.1926
6585.6s 603 Epoch 184, Loss: 6.3824, Validation Loss: 6.9198
6597.4s 604 Epoch 185, Loss: 10.0619, Validation Loss: 6.9160
6609.2s 605 Epoch 186, Loss: 12.5815, Validation Loss: 7.0315
6621.1s 606 Epoch 187, Loss: 9.3946, Validation Loss: 7.0878
6632.9s 607 Epoch 188, Loss: 6.1966, Validation Loss: 6.9664
6644.6s 608 Epoch 189, Loss: 3.6309, Validation Loss: 6.9633
6656.5s 609 Epoch 190, Loss: 2.7163, Validation Loss: 7.4765
6668.4s 610 Epoch 191, Loss: 3.3775, Validation Loss: 7.7507
6680.2s 611 Epoch 192, Loss: 2.8630, Validation Loss: 6.8537
6692.1s 612 Epoch 193, Loss: 2.7984, Validation Loss: 7.3553
6703.9s 613 Epoch 194, Loss: 1.8460, Validation Loss: 8.1997
6715.7s 614 Epoch 195, Loss: 1.6763, Validation Loss: 6.5313
6727.4s 615 Epoch 196, Loss: 1.4219, Validation Loss: 7.0253
6739.1s 616 Epoch 197, Loss: 1.5526, Validation Loss: 7.4658
6751.1s 617 Epoch 198, Loss: 1.5323, Validation Loss: 6.6050
6762.9s 618 Epoch 199, Loss: 1.7981, Validation Loss: 6.8715
6774.6s 619 Epoch 200, Loss: 1.7148, Validation Loss: 7.0367
6774.6s 620 Translate: estoy feliz.
6775.3s 621 BLEU Score: 0.05900191245938424
6780.8s 622 /usr/local/lib/python3.11/dist-packages/traitlets/traitlets.py:2915: FutureWarning: --Exporter.preprocessors=["remove_papermill_header.RemovePapermillHeader"] for containers is deprecated in traitlets 5.0. You can pass `--Exporter.preprocessors item` ... multiple times to add items to a list.
6780.8s 623 warn(
6780.9s 624 [NbConvertApp] Converting notebook __notebook__.ipynb to notebook
6781.3s 625 [NbConvertApp] Writing 117714 bytes to __notebook__.ipynb
6782.7s 626 /usr/local/lib/python3.11/dist-packages/traitlets/traitlets.py:2915: FutureWarning: --Exporter.preprocessors=["nbconvert.preprocessors.ExtractOutputPreprocessor"] for containers is deprecated in traitlets 5.0. You can pass `--Exporter.preprocessors item` ... multiple times to add items to a list.
6782.7s 627 warn(
6782.8s 628 [NbConvertApp] Converting notebook __notebook__.ipynb to html
6783.6s 629 [NbConvertApp] Support files will be in __results___files/
6783.6s 630 [NbConvertApp] Making directory __results___files
6783.6s 631 [NbConvertApp] Making directory __results___files
6783.6s 632 [NbConvertApp] Writing 369605 bytes to __results__.html